<html>
<body>
<pre>
<h1>µVision Build Log</h1>
<h2>Project:</h2>
C:\Users\Ozbolt_2\Dropbox\Vinokuh\Project_main\vinokuh.uvproj
Project File Date:  09/01/2013

<h2>Output:</h2>
Build target 'Target 1'
compiling main.c...
linking...
Program Size: Code=3404 RO-data=424 RW-data=48 ZI-data=1672  
".\obj\vinokuh.axf" - 0 Errors, 0 Warning(s).
Rebuild target 'Target 1'
assembling startup_stm32f40xx.s...
compiling system_stm32f4xx.c...
compiling stm32f4xx_adc.c...
compiling stm32f4xx_gpio.c...
compiling stm32f4xx_rcc.c...
compiling main.c...
compiling gpio.c...
compiling adc.c...
compiling switch.c...
linking...
Program Size: Code=3404 RO-data=424 RW-data=48 ZI-data=1672  
".\obj\vinokuh.axf" - 0 Errors, 0 Warning(s).
